---
source: src/main.rs
expression: value
---
[
    1,
    2,
    3,
]
